
Allocating common symbols
Common symbol       size              file

global_rules_shadow
                    0x630             obj/kern/libdwarf_frame.o
end_debug           0x8               obj/kern/init.o
mydebug             0x58              obj/kern/kdebug.o
panicstr            0x8               obj/kern/init.o
boot_cr3            0x8               obj/kern/pmap.o
global_std_op       0x200             obj/kern/libdwarf_lineno.o
global_rules        0x630             obj/kern/libdwarf_frame.o
boot_pml4e          0x8               obj/kern/pmap.o
npages              0x8               obj/kern/pmap.o
pages               0x8               obj/kern/pmap.o

Discarded input sections

 .note.GNU-stack
                0x0000000000000000        0x0 obj/kern/init.o
 .eh_frame      0x0000000000000000       0x90 obj/kern/init.o
 .note.GNU-stack
                0x0000000000000000        0x0 obj/kern/console.o
 .eh_frame      0x0000000000000000      0x258 obj/kern/console.o
 .note.GNU-stack
                0x0000000000000000        0x0 obj/kern/monitor.o
 .eh_frame      0x0000000000000000      0x158 obj/kern/monitor.o
 .note.GNU-stack
                0x0000000000000000        0x0 obj/kern/pmap.o
 .eh_frame      0x0000000000000000      0x3d0 obj/kern/pmap.o
 .note.GNU-stack
                0x0000000000000000        0x0 obj/kern/kclock.o
 .eh_frame      0x0000000000000000       0x58 obj/kern/kclock.o
 .note.GNU-stack
                0x0000000000000000        0x0 obj/kern/printf.o
 .eh_frame      0x0000000000000000       0x78 obj/kern/printf.o
 .note.GNU-stack
                0x0000000000000000        0x0 obj/kern/kdebug.o
 .eh_frame      0x0000000000000000       0x60 obj/kern/kdebug.o
 .note.GNU-stack
                0x0000000000000000        0x0 obj/kern/printfmt.o
 .eh_frame      0x0000000000000000      0x128 obj/kern/printfmt.o
 .note.GNU-stack
                0x0000000000000000        0x0 obj/kern/readline.o
 .eh_frame      0x0000000000000000       0x38 obj/kern/readline.o
 .note.GNU-stack
                0x0000000000000000        0x0 obj/kern/string.o
 .eh_frame      0x0000000000000000      0x238 obj/kern/string.o
 .note.GNU-stack
                0x0000000000000000        0x0 obj/kern/libdwarf_rw.o
 .eh_frame      0x0000000000000000      0x320 obj/kern/libdwarf_rw.o
 .note.GNU-stack
                0x0000000000000000        0x0 obj/kern/libdwarf_frame.o
 .eh_frame      0x0000000000000000      0x208 obj/kern/libdwarf_frame.o
 .note.GNU-stack
                0x0000000000000000        0x0 obj/kern/libdwarf_lineno.o
 .eh_frame      0x0000000000000000       0xb0 obj/kern/libdwarf_lineno.o
 .note.GNU-stack
                0x0000000000000000        0x0 obj/kern/elf_rw.o
 .eh_frame      0x0000000000000000       0xd8 obj/kern/elf_rw.o

Memory Configuration

Name             Origin             Length             Attributes
*default*        0x0000000000000000 0xffffffffffffffff

Linker script and memory map

                0x0000000000100000                . = 0x100000

.bootstrap      0x0000000000100000     0x7004
 obj/kern/bootstrap.o(.text .data .bss)
 .text          0x0000000000100000      0x115 obj/kern/bootstrap.o
                0x0000000000100000                _head64
                0x00000000001000e5                jumpto_longmode
 *fill*         0x0000000000100115      0xeeb 
 .data          0x0000000000101000     0x6004 obj/kern/bootstrap.o
                0x0000000000102000                pml4phys
                0x0000000000107000                multiboot_info
 .bss           0x0000000000107004        0x0 obj/kern/bootstrap.o
                0x0000008004200000                . = 0x8004200000

.text           0x0000008004200000     0xe940 load address 0x0000000000200000
 *(EXCLUDE_FILE(obj/kern/bootstrap.o) .text .stub .text.* .gnu.linkonce.t.*)
 .text          0x0000008004200000       0x58 obj/kern/entry.o
                0x000000800420000c                entry
                0x000000000020000c                _start
 .text          0x0000008004200058      0x358 obj/kern/init.o
                0x0000008004200058                test_backtrace
                0x00000080042000dc                i386_init
                0x0000008004200198                _panic
                0x00000080042002c3                _warn
 .text          0x00000080042003b0      0xaf5 obj/kern/console.o
                0x0000008004200440                serial_intr
                0x0000008004200c5b                kbd_intr
                0x0000008004200d06                cons_getc
                0x0000008004200dfa                cons_init
                0x0000008004200e53                cputchar
                0x0000008004200e71                getchar
                0x0000008004200e93                iscons
 .text          0x0000008004200ea5     0x104c obj/kern/monitor.o
                0x0000008004200ea5                mon_help
                0x0000008004200f3c                mon_kerninfo
                0x00000080042010ca                mon_backtrace
                0x00000080042013d9                backtrace
                0x00000080042016e1                str_to_int
                0x0000008004201813                check_permission
                0x000000800420199f                showmapping
                0x0000008004201b12                change_permission
                0x0000008004201e6a                monitor
 .text          0x0000008004201ef1     0x4d09 obj/kern/pmap.o
                0x0000008004202038                restrictive_type
                0x0000008004202966                x64_vm_init
                0x0000008004202d4a                page_init
                0x0000008004202f44                page_alloc
                0x000000800420300b                page_free
                0x0000008004203078                page_decref
                0x00000080042030b9                pml4e_walk
                0x00000080042032bc                pdpe_walk
                0x00000080042034bf                pgdir_walk
                0x000000800420370a                page_insert
                0x0000008004203830                page_lookup
                0x00000080042038c5                page_remove
                0x0000008004203940                tlb_invalidate
 .text          0x0000008004206bfa       0x7c obj/kern/kclock.o
                0x0000008004206bfa                mc146818_read
                0x0000008004206c36                mc146818_write
 .text          0x0000008004206c76      0x165 obj/kern/printf.o
                0x0000008004206ca4                vcprintf
                0x0000008004206d03                cprintf
 .text          0x0000008004206ddb      0x891 obj/kern/kdebug.o
                0x0000008004206ddb                list_func_die
                0x0000008004207346                debuginfo_rip
 .text          0x000000800420766c      0xa71 obj/kern/printfmt.o
                0x0000008004207947                vprintfmt
                0x0000008004207e5f                printfmt
                0x0000008004207f5f                vsnprintf
                0x0000008004207ffc                snprintf
 .text          0x00000080042080dd      0x14f obj/kern/readline.o
                0x00000080042080dd                readline
 .text          0x000000800420822c      0x7c5 obj/kern/string.o
                0x000000800420822c                strlen
                0x000000800420825a                strnlen
                0x0000008004208298                strcpy
                0x00000080042082db                strcat
                0x000000800420832a                strncpy
                0x000000800420838a                strlcpy
                0x00000080042083fa                strcmp
                0x000000800420844d                strncmp
                0x00000080042084be                strchr
                0x00000080042084fa                strfind
                0x0000008004208531                memset
                0x00000080042085bc                memmove
                0x00000080042086d3                memcpy
                0x0000008004208707                memcmp
                0x000000800420877b                memfind
                0x00000080042087c4                strtol
                0x0000008004208956                strstr
 .text          0x00000080042089f1     0x1f4d obj/kern/libdwarf_rw.o
                0x00000080042089f1                _dwarf_read_lsb
                0x0000008004208b1d                _dwarf_decode_lsb
                0x0000008004208c3e                _dwarf_read_msb
                0x0000008004208df0                _dwarf_decode_msb
                0x0000008004208f9f                _dwarf_read_sleb128
                0x0000008004209043                _dwarf_read_uleb128
                0x00000080042090c2                _dwarf_decode_sleb128
                0x0000008004209154                _dwarf_decode_uleb128
                0x00000080042091c1                _dwarf_read_string
                0x0000008004209250                _dwarf_read_block
                0x0000008004209299                _dwarf_elf_get_byte_order
                0x0000008004209307                _dwarf_elf_get_pointer_size
                0x0000008004209371                _dwarf_init
                0x0000008004209453                _get_next_cu
                0x00000080042095ee                print_cu
                0x0000008004209625                _dwarf_abbrev_parse
                0x00000080042098a8                _dwarf_abbrev_find
                0x00000080042099d9                _dwarf_attr_init
                0x000000800420a06a                dwarf_search_die_within_cu
                0x000000800420a363                dwarf_offdie
                0x000000800420a466                _dwarf_attr_find
                0x000000800420a4f9                dwarf_siblingof
                0x000000800420a73d                dwarf_child
                0x000000800420a8e1                _dwarf_find_section_enhanced
 .text          0x000000800420a93e     0x25a5 obj/kern/libdwarf_frame.o
                0x000000800420a93e                _dwarf_frame_params_init
                0x000000800420a97e                dwarf_get_fde_at_pc
                0x000000800420aabe                _dwarf_frame_regtable_copy
                0x000000800420baaa                _dwarf_frame_get_internal_table
                0x000000800420bd62                dwarf_get_fde_info_for_all_regs
                0x000000800420cb27                _dwarf_frame_interal_table_init
                0x000000800420cdd7                dwarf_set_frame_cfa_value
                0x000000800420ce07                _dwarf_frame_section_load_eh
                0x000000800420ce45                dwarf_init_eh_section
 .text          0x000000800420cee3      0xd4b obj/kern/libdwarf_lineno.o
                0x000000800420d53f                _dwarf_lineno_init
                0x000000800420dab3                dwarf_srclines
 .text          0x000000800420dc2e      0xd12 obj/kern/elf_rw.o
                0x000000800420dc2e                _dwarf_find_section
                0x000000800420dcae                find_debug_sections
                0x000000800420df77                read_section_headers
                0x000000800420e6b6                readseg
                0x000000800420e81a                waitdisk
                0x000000800420e846                readsect
                0x000000800420e940                PROVIDE (etext, .)

.iplt           0x000000800420e940        0x0 load address 0x000000000020e940
 .iplt          0x0000000000000000        0x0 obj/kern/bootstrap.o

.rodata         0x000000800420e940     0x1e27 load address 0x000000000020e940
 *(EXCLUDE_FILE(obj/kern/bootstrap.o) .rodata .rodata.* .gnu.linkonce.r.*)
 .rodata        0x000000800420e940       0x86 obj/kern/init.o
 .rodata        0x000000800420e9c6       0x29 obj/kern/console.o
 *fill*         0x000000800420e9ef        0x1 
 .rodata        0x000000800420e9f0      0x519 obj/kern/monitor.o
 *fill*         0x000000800420ef09        0x7 
 .rodata        0x000000800420ef10      0xbd8 obj/kern/pmap.o
 *fill*         0x000000800420fae8       0x18 
 .rodata        0x000000800420fb00      0x39d obj/kern/kdebug.o
 *fill*         0x000000800420fe9d        0x3 
 .rodata        0x000000800420fea0      0x398 obj/kern/printfmt.o
 .rodata        0x0000008004210238       0x13 obj/kern/readline.o
 *fill*         0x000000800421024b        0x5 
 .rodata        0x0000008004210250      0x1ab obj/kern/libdwarf_rw.o
 *fill*         0x00000080042103fb        0x5 
 .rodata        0x0000008004210400      0x200 obj/kern/libdwarf_frame.o
 .rodata        0x0000008004210600       0xc3 obj/kern/libdwarf_lineno.o
 .rodata        0x00000080042106c3       0xa4 obj/kern/elf_rw.o

.rela.dyn       0x0000008004210768        0x0 load address 0x0000000000210768
 .rela.iplt     0x0000000000000000        0x0 obj/kern/bootstrap.o
 .rela.text     0x0000000000000000        0x0 obj/kern/bootstrap.o
 .rela.data     0x0000000000000000        0x0 obj/kern/bootstrap.o
                0x0000008004211000                . = ALIGN (0x1000)

.data           0x0000008004211000    0x106e0 load address 0x0000000000211000
 *(EXCLUDE_FILE(obj/kern/bootstrap.o) .data)
 .data          0x0000008004211000    0x10042 obj/kern/entry.o
                0x0000008004211000                bootstack
                0x0000008004221000                kernel_64
                0x0000008004221000                bootstacktop
                0x0000008004221038                gdtdesc_64
 .data          0x0000008004221042        0x0 obj/kern/init.o
 *fill*         0x0000008004221042       0x1e 
 .data          0x0000008004221060      0x520 obj/kern/console.o
 .data          0x0000008004221580       0x78 obj/kern/monitor.o
 .data          0x00000080042215f8        0x0 obj/kern/pmap.o
 .data          0x00000080042215f8        0x0 obj/kern/kclock.o
 .data          0x00000080042215f8        0x0 obj/kern/printf.o
 .data          0x00000080042215f8        0x8 obj/kern/kdebug.o
                0x00000080042215f8                dbg
 .data          0x0000008004221600        0x0 obj/kern/printfmt.o
 .data          0x0000008004221600        0x0 obj/kern/readline.o
 .data          0x0000008004221600        0x0 obj/kern/string.o
 .data          0x0000008004221600        0x0 obj/kern/libdwarf_rw.o
 .data          0x0000008004221600       0x24 obj/kern/libdwarf_frame.o
                0x0000008004221600                debug_frame_sec
                0x0000008004221620                is_eh_frame
 .data          0x0000008004221624        0x0 obj/kern/libdwarf_lineno.o
 *fill*         0x0000008004221624       0x1c 
 .data          0x0000008004221640       0xa0 obj/kern/elf_rw.o
                0x0000008004221640                section_info
                0x00000080042216e0                PROVIDE (edata, .)

.igot.plt       0x00000080042216e0        0x0 load address 0x00000000002216e0
 .igot.plt      0x0000000000000000        0x0 obj/kern/bootstrap.o

.bss            0x00000080042216e0     0x15e0 load address 0x00000000002216e0
 *(EXCLUDE_FILE(obj/kern/bootstrap.o) .bss)
 .bss           0x00000080042216e0        0x0 obj/kern/entry.o
 .bss           0x00000080042216e0        0x0 obj/kern/init.o
 .bss           0x00000080042216e0      0x22c obj/kern/console.o
 .bss           0x000000800422190c        0x0 obj/kern/monitor.o
 *fill*         0x000000800422190c        0x4 
 .bss           0x0000008004221910       0x18 obj/kern/pmap.o
 .bss           0x0000008004221928        0x0 obj/kern/kclock.o
 .bss           0x0000008004221928        0x0 obj/kern/printf.o
 .bss           0x0000008004221928        0x8 obj/kern/kdebug.o
 .bss           0x0000008004221930        0x0 obj/kern/printfmt.o
 *fill*         0x0000008004221930       0x10 
 .bss           0x0000008004221940      0x400 obj/kern/readline.o
 .bss           0x0000008004221d40        0x0 obj/kern/string.o
 .bss           0x0000008004221d40        0x0 obj/kern/libdwarf_rw.o
 .bss           0x0000008004221d40       0x68 obj/kern/libdwarf_frame.o
                0x0000008004221d40                global_rt_table
                0x0000008004221d80                global_rt_table_shadow
 .bss           0x0000008004221da8        0x0 obj/kern/libdwarf_lineno.o
 .bss           0x0000008004221da8        0x0 obj/kern/elf_rw.o
 COMMON         0x0000008004221da8       0x10 obj/kern/init.o
                0x0000008004221da8                end_debug
                0x0000008004221db0                panicstr
 COMMON         0x0000008004221db8       0x20 obj/kern/pmap.o
                0x0000008004221db8                boot_cr3
                0x0000008004221dc0                boot_pml4e
                0x0000008004221dc8                npages
                0x0000008004221dd0                pages
 *fill*         0x0000008004221dd8        0x8 
 COMMON         0x0000008004221de0       0x58 obj/kern/kdebug.o
                0x0000008004221de0                mydebug
 *fill*         0x0000008004221e38        0x8 
 COMMON         0x0000008004221e40      0xc70 obj/kern/libdwarf_frame.o
                0x0000008004221e40                global_rules_shadow
                0x0000008004222480                global_rules
 *fill*         0x0000008004222ab0       0x10 
 COMMON         0x0000008004222ac0      0x200 obj/kern/libdwarf_lineno.o
                0x0000008004222ac0                global_std_op
                0x0000008004222cc0                PROVIDE (end, .)

.debug
 *(.debug)

.line
 *(.line)

.debug_srcinfo
 *(.debug_srcinfo)

.debug_sfnames
 *(.debug_sfnames)

.debug_aranges  0x0000000000000000      0x300
 *(.debug_aranges)
 .debug_aranges
                0x0000000000000000       0x30 obj/kern/bootstrap.o
 .debug_aranges
                0x0000000000000030       0x30 obj/kern/entry.o
 .debug_aranges
                0x0000000000000060       0x30 obj/kern/init.o
 .debug_aranges
                0x0000000000000090       0x30 obj/kern/console.o
 .debug_aranges
                0x00000000000000c0       0x30 obj/kern/monitor.o
 .debug_aranges
                0x00000000000000f0       0x30 obj/kern/pmap.o
 .debug_aranges
                0x0000000000000120       0x30 obj/kern/kclock.o
 .debug_aranges
                0x0000000000000150       0x30 obj/kern/printf.o
 .debug_aranges
                0x0000000000000180       0x30 obj/kern/kdebug.o
 .debug_aranges
                0x00000000000001b0       0x30 obj/kern/printfmt.o
 .debug_aranges
                0x00000000000001e0       0x30 obj/kern/readline.o
 .debug_aranges
                0x0000000000000210       0x30 obj/kern/string.o
 .debug_aranges
                0x0000000000000240       0x30 obj/kern/libdwarf_rw.o
 .debug_aranges
                0x0000000000000270       0x30 obj/kern/libdwarf_frame.o
 .debug_aranges
                0x00000000000002a0       0x30 obj/kern/libdwarf_lineno.o
 .debug_aranges
                0x00000000000002d0       0x30 obj/kern/elf_rw.o

.debug_pubnames
 *(.debug_pubnames)

.debug_info     0x0000000000000000     0x8a1e
 *(.debug_info .gnu.linkonce.wi.*)
 .debug_info    0x0000000000000000       0x58 obj/kern/bootstrap.o
 .debug_info    0x0000000000000058       0x54 obj/kern/entry.o
 .debug_info    0x00000000000000ac      0x2e7 obj/kern/init.o
 .debug_info    0x0000000000000393      0xc99 obj/kern/console.o
 .debug_info    0x000000000000102c      0x93e obj/kern/monitor.o
 .debug_info    0x000000000000196a     0x17d1 obj/kern/pmap.o
 .debug_info    0x000000000000313b      0x1ee obj/kern/kclock.o
 .debug_info    0x0000000000003329      0x1ec obj/kern/printf.o
 .debug_info    0x0000000000003515      0xbd1 obj/kern/kdebug.o
 .debug_info    0x00000000000040e6      0x5a2 obj/kern/printfmt.o
 .debug_info    0x0000000000004688       0xdc obj/kern/readline.o
 .debug_info    0x0000000000004764      0x6a6 obj/kern/string.o
 .debug_info    0x0000000000004e0a     0x1417 obj/kern/libdwarf_rw.o
 .debug_info    0x0000000000006221     0x10b3 obj/kern/libdwarf_frame.o
 .debug_info    0x00000000000072d4      0xddf obj/kern/libdwarf_lineno.o
 .debug_info    0x00000000000080b3      0x96b obj/kern/elf_rw.o

.debug_abbrev   0x0000000000000000     0x1870
 *(.debug_abbrev)
 .debug_abbrev  0x0000000000000000       0x14 obj/kern/bootstrap.o
 .debug_abbrev  0x0000000000000014       0x14 obj/kern/entry.o
 .debug_abbrev  0x0000000000000028      0x10f obj/kern/init.o
 .debug_abbrev  0x0000000000000137      0x2b7 obj/kern/console.o
 .debug_abbrev  0x00000000000003ee      0x268 obj/kern/monitor.o
 .debug_abbrev  0x0000000000000656      0x2d4 obj/kern/pmap.o
 .debug_abbrev  0x000000000000092a      0x102 obj/kern/kclock.o
 .debug_abbrev  0x0000000000000a2c       0xef obj/kern/printf.o
 .debug_abbrev  0x0000000000000b1b      0x19e obj/kern/kdebug.o
 .debug_abbrev  0x0000000000000cb9      0x1f3 obj/kern/printfmt.o
 .debug_abbrev  0x0000000000000eac       0x95 obj/kern/readline.o
 .debug_abbrev  0x0000000000000f41      0x115 obj/kern/string.o
 .debug_abbrev  0x0000000000001056      0x1f8 obj/kern/libdwarf_rw.o
 .debug_abbrev  0x000000000000124e      0x22e obj/kern/libdwarf_frame.o
 .debug_abbrev  0x000000000000147c      0x214 obj/kern/libdwarf_lineno.o
 .debug_abbrev  0x0000000000001690      0x1e0 obj/kern/elf_rw.o

.debug_line     0x0000000000000000     0x2752
 *(.debug_line)
 .debug_line    0x0000000000000000       0x99 obj/kern/bootstrap.o
 .debug_line    0x0000000000000099       0x51 obj/kern/entry.o
 .debug_line    0x00000000000000ea       0xd5 obj/kern/init.o
 .debug_line    0x00000000000001bf      0x289 obj/kern/console.o
 .debug_line    0x0000000000000448      0x290 obj/kern/monitor.o
 .debug_line    0x00000000000006d8      0xb98 obj/kern/pmap.o
 .debug_line    0x0000000000001270       0x86 obj/kern/kclock.o
 .debug_line    0x00000000000012f6       0x7f obj/kern/printf.o
 .debug_line    0x0000000000001375      0x150 obj/kern/kdebug.o
 .debug_line    0x00000000000014c5      0x29e obj/kern/printfmt.o
 .debug_line    0x0000000000001763       0x7a obj/kern/readline.o
 .debug_line    0x00000000000017dd      0x1e8 obj/kern/string.o
 .debug_line    0x00000000000019c5      0x45a obj/kern/libdwarf_rw.o
 .debug_line    0x0000000000001e1f      0x502 obj/kern/libdwarf_frame.o
 .debug_line    0x0000000000002321      0x208 obj/kern/libdwarf_lineno.o
 .debug_line    0x0000000000002529      0x229 obj/kern/elf_rw.o

.debug_frame
 *(.debug_frame)

.debug_str      0x0000000000000000     0x1d29
 *(.debug_str)
 .debug_str     0x0000000000000000      0x1eb obj/kern/init.o
                                        0x21f (size before relaxing)
 .debug_str     0x00000000000001eb      0x160 obj/kern/console.o
                                        0x2a1 (size before relaxing)
 .debug_str     0x000000000000034b      0x18e obj/kern/monitor.o
                                        0x368 (size before relaxing)
 .debug_str     0x00000000000004d9      0x431 obj/kern/pmap.o
                                        0x638 (size before relaxing)
 .debug_str     0x000000000000090a       0x31 obj/kern/kclock.o
                                        0x16d (size before relaxing)
 .debug_str     0x000000000000093b       0x17 obj/kern/printf.o
                                        0x1a2 (size before relaxing)
 .debug_str     0x0000000000000952      0x797 obj/kern/kdebug.o
                                        0xa59 (size before relaxing)
 .debug_str     0x00000000000010e9       0xea obj/kern/printfmt.o
                                        0x2ad (size before relaxing)
 .debug_str     0x00000000000011d3       0x27 obj/kern/readline.o
                                         0xf8 (size before relaxing)
 .debug_str     0x00000000000011fa       0x9e obj/kern/string.o
                                        0x1fb (size before relaxing)
 .debug_str     0x0000000000001298      0x2c8 obj/kern/libdwarf_rw.o
                                        0xbe5 (size before relaxing)
 .debug_str     0x0000000000001560      0x455 obj/kern/libdwarf_frame.o
                                        0xb4e (size before relaxing)
 .debug_str     0x00000000000019b5      0x1bd obj/kern/libdwarf_lineno.o
                                        0xb8c (size before relaxing)
 .debug_str     0x0000000000001b72      0x1b7 obj/kern/elf_rw.o
                                        0x455 (size before relaxing)

.debug_loc      0x0000000000000000     0x3518
 *(.debug_loc)
 .debug_loc     0x0000000000000000      0x158 obj/kern/init.o
 .debug_loc     0x0000000000000158      0x6c0 obj/kern/console.o
 .debug_loc     0x0000000000000818      0x3c0 obj/kern/monitor.o
 .debug_loc     0x0000000000000bd8      0xa80 obj/kern/pmap.o
 .debug_loc     0x0000000000001658       0xc0 obj/kern/kclock.o
 .debug_loc     0x0000000000001718      0x120 obj/kern/printf.o
 .debug_loc     0x0000000000001838       0xc0 obj/kern/kdebug.o
 .debug_loc     0x00000000000018f8      0x300 obj/kern/printfmt.o
 .debug_loc     0x0000000000001bf8       0x60 obj/kern/readline.o
 .debug_loc     0x0000000000001c58      0x660 obj/kern/string.o
 .debug_loc     0x00000000000022b8      0x900 obj/kern/libdwarf_rw.o
 .debug_loc     0x0000000000002bb8      0x5a0 obj/kern/libdwarf_frame.o
 .debug_loc     0x0000000000003158      0x180 obj/kern/libdwarf_lineno.o
 .debug_loc     0x00000000000032d8      0x240 obj/kern/elf_rw.o

.comment        0x0000000000000000       0x24
 .comment       0x0000000000000000       0x24 obj/kern/init.o
                                         0x25 (size before relaxing)
 .comment       0x0000000000000000       0x25 obj/kern/console.o
 .comment       0x0000000000000000       0x25 obj/kern/monitor.o
 .comment       0x0000000000000000       0x25 obj/kern/pmap.o
 .comment       0x0000000000000000       0x25 obj/kern/kclock.o
 .comment       0x0000000000000000       0x25 obj/kern/printf.o
 .comment       0x0000000000000000       0x25 obj/kern/kdebug.o
 .comment       0x0000000000000000       0x25 obj/kern/printfmt.o
 .comment       0x0000000000000000       0x25 obj/kern/readline.o
 .comment       0x0000000000000000       0x25 obj/kern/string.o
 .comment       0x0000000000000000       0x25 obj/kern/libdwarf_rw.o
 .comment       0x0000000000000000       0x25 obj/kern/libdwarf_frame.o
 .comment       0x0000000000000000       0x25 obj/kern/libdwarf_lineno.o
 .comment       0x0000000000000000       0x25 obj/kern/elf_rw.o

.debug_macinfo
 *(.debug_macinfo)

.debug_weaknames
 *(.debug_weaknames)

.debug_funcnames
 *(.debug_funcnames)

.debug_typenames
 *(.debug_typenames)

.debug_varnames
 *(.debug_varnames)

/DISCARD/
 *(.eh_frame .note.GNU-stack)
LOAD obj/kern/entry.o
LOAD obj/kern/bootstrap.o
LOAD obj/kern/init.o
LOAD obj/kern/console.o
LOAD obj/kern/monitor.o
LOAD obj/kern/pmap.o
LOAD obj/kern/kclock.o
LOAD obj/kern/printf.o
LOAD obj/kern/kdebug.o
LOAD obj/kern/printfmt.o
LOAD obj/kern/readline.o
LOAD obj/kern/string.o
LOAD obj/kern/libdwarf_rw.o
LOAD obj/kern/libdwarf_frame.o
LOAD obj/kern/libdwarf_lineno.o
LOAD obj/kern/elf_rw.o
LOAD /usr/lib/gcc/x86_64-linux-gnu/4.8/libgcc.a
TARGET(binary)
OUTPUT(obj/kern/kernel elf64-x86-64)
